// Jest Snapshot v1, https://goo.gl/fbAQLP

exports[`Header should render the component with text props 1`] = `
<DocumentFragment>
  <header
    class="bg-primary shadow-header p-3 w-full rounded-md rounded-t-none"
  >
    <h1
      class="text-3xl font-light"
    />
  </header>
</DocumentFragment>
`;
